// Vitest Snapshot v1, https://vitest.dev/guide/snapshot.html

exports[`VolumeControl renders 1`] = `
<div>
  <div
    class="flex flex-row max-w-[42.9rem] md:max-w-[25rem] h-[1.5rem] items-center"
  >
    <img
      alt="volume icon"
      class="w-[1.1664375rem] h-[1.25rem]"
      src="/src/assets/volume.svg"
    />
    <input
      class="bg-lightning-blue ml-2 w-full"
      max="100"
      min="0"
      type="range"
      value="75"
    />
  </div>
</div>
`;
